Startpoint: _18362_ (rising edge-triggered flip-flop clocked by clk)
Endpoint: _19778_ (rising edge-triggered flip-flop clocked by clk)
Path Group: clk
Path Type: max

      Cap      Slew     Delay      Time   Description
-------------------------------------------------------------------------------
             0.0000    0.0000    0.0000   clock clk (rise edge)
                       0.0000    0.0000   clock network delay (ideal)
             0.0000    0.0000    0.0000 ^ _18362_/CK (DFF_X1)
1203.8977    2.7500    2.9583    2.9583 ^ _18362_/Q (DFF_X1)
             2.7500    0.0000    2.9583 ^ _09978_/A (INV_X1)
 352.5684    2.5184    5.1834    8.1416 v _09978_/ZN (INV_X1)
             2.5184    0.0000    8.1416 v _14252_/C2 (AOI211_X1)
   1.6584    0.3458    0.8748    9.0164 ^ _14252_/ZN (AOI211_X1)
             0.3458    0.0000    9.0164 ^ _14279_/B (AOI211_X1)
   1.5527    0.1476    0.0018    9.0182 v _14279_/ZN (AOI211_X1)
             0.1476    0.0000    9.0182 v _14280_/A3 (NOR3_X1)
   1.6163    0.0404    0.0812    9.0994 ^ _14280_/ZN (NOR3_X1)
             0.0404    0.0000    9.0994 ^ _14281_/A3 (NOR3_X1)
   1.5638    0.0461    0.0162    9.1156 v _14281_/ZN (NOR3_X1)
             0.0461    0.0000    9.1156 v _14282_/A2 (NOR2_X1)
   1.6283    0.0189    0.0406    9.1562 ^ _14282_/ZN (NOR2_X1)
             0.0189    0.0000    9.1562 ^ _14283_/B2 (AOI221_X1)
   1.5353    0.0977    0.0244    9.1806 v _14283_/ZN (AOI221_X1)
             0.0977    0.0000    9.1806 v _14284_/A (AOI21_X1)
   1.1403    0.0475    0.0647    9.2453 ^ _14284_/ZN (AOI21_X1)
             0.0475    0.0000    9.2453 ^ _19778_/D (DFF_X1)
                                 9.2453   data arrival time

             0.0000    1.0000    1.0000   clock clk (rise edge)
                       0.0000    1.0000   clock network delay (ideal)
                       0.0000    1.0000   clock reconvergence pessimism
                                 1.0000 ^ _19778_/CK (DFF_X1)
                      -0.0416    0.9584   library setup time
                                 0.9584   data required time
-------------------------------------------------------------------------------
                                 0.9584   data required time
                                -9.2453   data arrival time
-------------------------------------------------------------------------------
                                -8.2869   slack (VIOLATED)


