SBY 23:36:06 [fir_miter_bmc] Removing directory '/home/praneeth/track_c/case2_fir/fir_miter_bmc'.
SBY 23:36:06 [fir_miter_bmc] Copy '/home/praneeth/track_c/case2_fir/miter_gold.v' to '/home/praneeth/track_c/case2_fir/fir_miter_bmc/src/miter_gold.v'.
SBY 23:36:06 [fir_miter_bmc] Copy '/home/praneeth/track_c/case2_fir/miter_gate.v' to '/home/praneeth/track_c/case2_fir/fir_miter_bmc/src/miter_gate.v'.
SBY 23:36:06 [fir_miter_bmc] Copy '/home/praneeth/track_c/case2_fir/fir_miter.v' to '/home/praneeth/track_c/case2_fir/fir_miter_bmc/src/fir_miter.v'.
SBY 23:36:06 [fir_miter_bmc] engine_0: smtbmc yices
SBY 23:36:06 [fir_miter_prove] Removing directory '/home/praneeth/track_c/case2_fir/fir_miter_prove'.
SBY 23:36:06 [fir_miter_prove] Copy '/home/praneeth/track_c/case2_fir/miter_gold.v' to '/home/praneeth/track_c/case2_fir/fir_miter_prove/src/miter_gold.v'.
SBY 23:36:06 [fir_miter_prove] Copy '/home/praneeth/track_c/case2_fir/miter_gate.v' to '/home/praneeth/track_c/case2_fir/fir_miter_prove/src/miter_gate.v'.
SBY 23:36:06 [fir_miter_prove] Copy '/home/praneeth/track_c/case2_fir/fir_miter.v' to '/home/praneeth/track_c/case2_fir/fir_miter_prove/src/fir_miter.v'.
SBY 23:36:06 [fir_miter_prove] engine_0: smtbmc yices
SBY 23:36:06 [fir_miter_bmc] base: starting process "cd fir_miter_bmc/src; yosys -ql ../model/design.log ../model/design.ys"
SBY 23:36:06 [fir_miter_prove] base: starting process "cd fir_miter_prove/src; yosys -ql ../model/design.log ../model/design.ys"
SBY 23:36:06 [fir_miter_bmc] base: Warning: Replacing memory \c with list of registers. See miter_gate.v:19
SBY 23:36:06 [fir_miter_bmc] base: Warning: Replacing memory \Q with list of registers. See miter_gate.v:17
SBY 23:36:06 [fir_miter_prove] base: Warning: Replacing memory \c with list of registers. See miter_gate.v:19
SBY 23:36:06 [fir_miter_prove] base: Warning: Replacing memory \Q with list of registers. See miter_gate.v:17
SBY 23:36:06 [fir_miter_bmc] base: Warning: Replacing memory \c with list of registers. See miter_gold.v:16
SBY 23:36:06 [fir_miter_bmc] base: Warning: Replacing memory \Q with list of registers. See miter_gold.v:14
SBY 23:36:06 [fir_miter_prove] base: Warning: Replacing memory \c with list of registers. See miter_gold.v:16
SBY 23:36:06 [fir_miter_prove] base: Warning: Replacing memory \Q with list of registers. See miter_gold.v:14
SBY 23:36:06 [fir_miter_bmc] base: finished (returncode=0)
SBY 23:36:06 [fir_miter_prove] base: finished (returncode=0)
SBY 23:36:06 [fir_miter_bmc] prep: starting process "cd fir_miter_bmc/model; yosys -ql design_prep.log design_prep.ys"
SBY 23:36:06 [fir_miter_prove] prep: starting process "cd fir_miter_prove/model; yosys -ql design_prep.log design_prep.ys"
SBY 23:36:06 [fir_miter_bmc] prep: finished (returncode=0)
SBY 23:36:06 [fir_miter_prove] prep: finished (returncode=0)
SBY 23:36:06 [fir_miter_bmc] smt2: starting process "cd fir_miter_bmc/model; yosys -ql design_smt2.log design_smt2.ys"
SBY 23:36:06 [fir_miter_prove] smt2: starting process "cd fir_miter_prove/model; yosys -ql design_smt2.log design_smt2.ys"
SBY 23:36:06 [fir_miter_bmc] smt2: finished (returncode=0)
SBY 23:36:06 [fir_miter_bmc] engine_0: starting process "cd fir_miter_bmc; yosys-smtbmc -s yices --presat --unroll --noprogress -t 40  --append 0 --dump-vcd engine_0/trace.vcd --dump-yw engine_0/trace.yw --dump-vlogtb engine_0/trace_tb.v --dump-smtc engine_0/trace.smtc model/design_smt2.smt2"
SBY 23:36:06 [fir_miter_prove] smt2: finished (returncode=0)
SBY 23:36:06 [fir_miter_prove] engine_0.basecase: starting process "cd fir_miter_prove; yosys-smtbmc -s yices --presat --unroll --noprogress -t 40  --append 0 --dump-vcd engine_0/trace.vcd --dump-yw engine_0/trace.yw --dump-vlogtb engine_0/trace_tb.v --dump-smtc engine_0/trace.smtc model/design_smt2.smt2"
SBY 23:36:06 [fir_miter_bmc] engine_0: ##   0:00:00  Solver: yices
SBY 23:36:06 [fir_miter_prove] engine_0.basecase: ##   0:00:00  Solver: yices
SBY 23:36:06 [fir_miter_prove] engine_0.induction: starting process "cd fir_miter_prove; yosys-smtbmc -s yices --presat --unroll -i --noprogress -t 40  --append 0 --dump-vcd engine_0/trace_induct.vcd --dump-yw engine_0/trace_induct.yw --dump-vlogtb engine_0/trace_induct_tb.v --dump-smtc engine_0/trace_induct.smtc model/design_smt2.smt2"
SBY 23:36:06 [fir_miter_bmc] engine_0: ##   0:00:00  Checking assumptions in step 0..
SBY 23:36:06 [fir_miter_bmc] engine_0: ##   0:00:00  Checking assertions in step 0..
SBY 23:36:06 [fir_miter_prove] engine_0.basecase: ##   0:00:00  Checking assumptions in step 0..
SBY 23:36:06 [fir_miter_prove] engine_0.basecase: ##   0:00:00  Checking assertions in step 0..
SBY 23:36:06 [fir_miter_bmc] engine_0: ##   0:00:00  Checking assumptions in step 1..
SBY 23:36:06 [fir_miter_bmc] engine_0: ##   0:00:00  Checking assertions in step 1..
SBY 23:36:06 [fir_miter_bmc] engine_0: ##   0:00:00  Checking assumptions in step 2..
SBY 23:36:06 [fir_miter_bmc] engine_0: ##   0:00:00  Checking assertions in step 2..
SBY 23:36:06 [fir_miter_prove] engine_0.basecase: ##   0:00:00  Checking assumptions in step 1..
SBY 23:36:06 [fir_miter_prove] engine_0.basecase: ##   0:00:00  Checking assertions in step 1..
SBY 23:36:06 [fir_miter_prove] engine_0.basecase: ##   0:00:00  Checking assumptions in step 2..
SBY 23:36:06 [fir_miter_prove] engine_0.basecase: ##   0:00:00  Checking assertions in step 2..
SBY 23:36:06 [fir_miter_bmc] engine_0: ##   0:00:00  Checking assumptions in step 3..
SBY 23:36:06 [fir_miter_bmc] engine_0: ##   0:00:00  Checking assertions in step 3..
SBY 23:36:06 [fir_miter_prove] engine_0.basecase: ##   0:00:00  Checking assumptions in step 3..
SBY 23:36:06 [fir_miter_prove] engine_0.basecase: ##   0:00:00  Checking assertions in step 3..
SBY 23:36:06 [fir_miter_bmc] engine_0: ##   0:00:00  Checking assumptions in step 4..
SBY 23:36:06 [fir_miter_bmc] engine_0: ##   0:00:00  Checking assertions in step 4..
SBY 23:36:06 [fir_miter_prove] engine_0.basecase: ##   0:00:00  Checking assumptions in step 4..
SBY 23:36:06 [fir_miter_prove] engine_0.basecase: ##   0:00:00  Checking assertions in step 4..
SBY 23:36:06 [fir_miter_bmc] engine_0: ##   0:00:00  Checking assumptions in step 5..
SBY 23:36:06 [fir_miter_bmc] engine_0: ##   0:00:00  Checking assertions in step 5..
SBY 23:36:06 [fir_miter_prove] engine_0.basecase: ##   0:00:00  Checking assumptions in step 5..
SBY 23:36:06 [fir_miter_bmc] engine_0: ##   0:00:00  Checking assumptions in step 6..
SBY 23:36:06 [fir_miter_prove] engine_0.basecase: ##   0:00:00  Checking assertions in step 5..
SBY 23:36:06 [fir_miter_bmc] engine_0: ##   0:00:00  Checking assertions in step 6..
SBY 23:36:06 [fir_miter_prove] engine_0.basecase: ##   0:00:00  Checking assumptions in step 6..
SBY 23:36:06 [fir_miter_prove] engine_0.basecase: ##   0:00:00  Checking assertions in step 6..
SBY 23:36:06 [fir_miter_bmc] engine_0: ##   0:00:00  Checking assumptions in step 7..
SBY 23:36:06 [fir_miter_bmc] engine_0: ##   0:00:00  Checking assertions in step 7..
SBY 23:36:06 [fir_miter_prove] engine_0.basecase: ##   0:00:00  Checking assumptions in step 7..
SBY 23:36:06 [fir_miter_prove] engine_0.basecase: ##   0:00:00  Checking assertions in step 7..
SBY 23:36:06 [fir_miter_bmc] engine_0: ##   0:00:00  Checking assumptions in step 8..
SBY 23:36:06 [fir_miter_bmc] engine_0: ##   0:00:00  Checking assertions in step 8..
SBY 23:36:06 [fir_miter_prove] engine_0.basecase: ##   0:00:00  Checking assumptions in step 8..
SBY 23:36:06 [fir_miter_prove] engine_0.basecase: ##   0:00:00  Checking assertions in step 8..
SBY 23:36:06 [fir_miter_prove] engine_0.induction: ##   0:00:00  Solver: yices
SBY 23:36:06 [fir_miter_prove] engine_0.induction: ##   0:00:00  Trying induction in step 40..
SBY 23:36:06 [fir_miter_prove] engine_0.induction: ##   0:00:00  Trying induction in step 39..
SBY 23:36:06 [fir_miter_prove] engine_0.induction: ##   0:00:00  Trying induction in step 38..
SBY 23:36:06 [fir_miter_prove] engine_0.induction: ##   0:00:00  Trying induction in step 37..
SBY 23:36:06 [fir_miter_prove] engine_0.induction: ##   0:00:00  Trying induction in step 36..
SBY 23:36:06 [fir_miter_prove] engine_0.induction: ##   0:00:00  Trying induction in step 35..
SBY 23:36:06 [fir_miter_prove] engine_0.induction: ##   0:00:00  Trying induction in step 34..
SBY 23:36:06 [fir_miter_prove] engine_0.induction: ##   0:00:00  Trying induction in step 33..
SBY 23:36:06 [fir_miter_prove] engine_0.induction: ##   0:00:00  Trying induction in step 32..
SBY 23:36:06 [fir_miter_prove] engine_0.induction: ##   0:00:00  Trying induction in step 31..
SBY 23:36:06 [fir_miter_prove] engine_0.induction: ##   0:00:00  Trying induction in step 30..
SBY 23:36:07 [fir_miter_prove] engine_0.induction: ##   0:00:00  Trying induction in step 29..
SBY 23:36:07 [fir_miter_prove] engine_0.induction: ##   0:00:00  Trying induction in step 28..
SBY 23:36:07 [fir_miter_prove] engine_0.induction: ##   0:00:00  Trying induction in step 27..
SBY 23:36:07 [fir_miter_prove] engine_0.induction: ##   0:00:00  Trying induction in step 26..
SBY 23:36:07 [fir_miter_prove] engine_0.induction: ##   0:00:00  Trying induction in step 25..
SBY 23:36:07 [fir_miter_prove] engine_0.induction: ##   0:00:00  Trying induction in step 24..
SBY 23:36:07 [fir_miter_prove] engine_0.induction: ##   0:00:00  Trying induction in step 23..
SBY 23:36:07 [fir_miter_prove] engine_0.induction: ##   0:00:00  Trying induction in step 22..
SBY 23:36:07 [fir_miter_prove] engine_0.induction: ##   0:00:00  Trying induction in step 21..
SBY 23:36:07 [fir_miter_prove] engine_0.induction: ##   0:00:00  Trying induction in step 20..
SBY 23:36:07 [fir_miter_prove] engine_0.induction: ##   0:00:01  Trying induction in step 19..
SBY 23:36:07 [fir_miter_prove] engine_0.induction: ##   0:00:01  Trying induction in step 18..
SBY 23:36:07 [fir_miter_prove] engine_0.induction: ##   0:00:01  Trying induction in step 17..
SBY 23:36:08 [fir_miter_prove] engine_0.induction: ##   0:00:01  Trying induction in step 16..
SBY 23:36:08 [fir_miter_prove] engine_0.induction: ##   0:00:01  Trying induction in step 15..
SBY 23:36:08 [fir_miter_prove] engine_0.induction: ##   0:00:01  Trying induction in step 14..
SBY 23:36:08 [fir_miter_prove] engine_0.basecase: ##   0:00:01  Checking assumptions in step 9..
SBY 23:36:08 [fir_miter_prove] engine_0.basecase: ##   0:00:01  Checking assertions in step 9..
SBY 23:36:08 [fir_miter_bmc] engine_0: ##   0:00:01  Checking assumptions in step 9..
SBY 23:36:08 [fir_miter_bmc] engine_0: ##   0:00:01  Checking assertions in step 9..
SBY 23:36:08 [fir_miter_prove] engine_0.induction: ##   0:00:01  Trying induction in step 13..
SBY 23:36:08 [fir_miter_prove] engine_0.induction: ##   0:00:01  Trying induction in step 12..
SBY 23:36:08 [fir_miter_prove] engine_0.induction: ##   0:00:01  Trying induction in step 11..
SBY 23:36:08 [fir_miter_prove] engine_0.induction: ##   0:00:02  Trying induction in step 10..
SBY 23:36:08 [fir_miter_prove] engine_0.induction: ##   0:00:02  Trying induction in step 9..
SBY 23:36:08 [fir_miter_prove] engine_0.induction: ##   0:00:02  Trying induction in step 8..
SBY 23:36:09 [fir_miter_prove] engine_0.induction: ##   0:00:02  Trying induction in step 7..
SBY 23:36:09 [fir_miter_prove] engine_0.induction: ##   0:00:02  Trying induction in step 6..
SBY 23:36:09 [fir_miter_prove] engine_0.induction: ##   0:00:02  Trying induction in step 5..
SBY 23:36:09 [fir_miter_prove] engine_0.induction: ##   0:00:02  Trying induction in step 4..
SBY 23:36:09 [fir_miter_prove] engine_0.induction: ##   0:00:03  Trying induction in step 3..
SBY 23:36:09 [fir_miter_prove] engine_0.basecase: ##   0:00:03  Checking assumptions in step 10..
SBY 23:36:09 [fir_miter_prove] engine_0.basecase: ##   0:00:03  Checking assertions in step 10..
SBY 23:36:09 [fir_miter_bmc] engine_0: ##   0:00:03  Checking assumptions in step 10..
SBY 23:36:09 [fir_miter_bmc] engine_0: ##   0:00:03  Checking assertions in step 10..
SBY 23:36:09 [fir_miter_prove] engine_0.induction: ##   0:00:03  Trying induction in step 2..
SBY 23:36:10 [fir_miter_prove] engine_0.induction: ##   0:00:03  Trying induction in step 1..
SBY 23:36:10 [fir_miter_prove] engine_0.induction: ##   0:00:03  Trying induction in step 0..
SBY 23:36:10 [fir_miter_prove] engine_0.induction: ##   0:00:03  Temporal induction failed!
SBY 23:36:10 [fir_miter_prove] engine_0.induction: ##   0:00:03  Assert failed in fir_miter: fir_miter.v:25.24-25.53 (_witness_.check_assert_fir_miter_v_25_11)
SBY 23:36:10 [fir_miter_prove] engine_0.induction: ##   0:00:03  Writing trace to VCD file: engine_0/trace_induct.vcd
SBY 23:36:10 [fir_miter_prove] engine_0.induction: ##   0:00:03  Writing trace to Verilog testbench: engine_0/trace_induct_tb.v
SBY 23:36:10 [fir_miter_prove] engine_0.induction: ##   0:00:03  Writing trace to constraints file: engine_0/trace_induct.smtc
SBY 23:36:10 [fir_miter_prove] engine_0.induction: ##   0:00:03  Writing trace to Yosys witness file: engine_0/trace_induct.yw
SBY 23:36:10 [fir_miter_prove] engine_0.induction: ##   0:00:03  Status: failed
SBY 23:36:10 [fir_miter_prove] engine_0.induction: finished (returncode=1)
SBY 23:36:10 [fir_miter_prove] engine_0.induction: Status returned by engine for induction: FAIL
SBY 23:36:11 [fir_miter_bmc] engine_0: ##   0:00:04  Checking assumptions in step 11..
SBY 23:36:11 [fir_miter_prove] engine_0.basecase: ##   0:00:04  Checking assumptions in step 11..
SBY 23:36:11 [fir_miter_bmc] engine_0: ##   0:00:04  Checking assertions in step 11..
SBY 23:36:11 [fir_miter_prove] engine_0.basecase: ##   0:00:04  Checking assertions in step 11..
SBY 23:36:12 [fir_miter_bmc] engine_0: ##   0:00:05  Checking assumptions in step 12..
SBY 23:36:12 [fir_miter_bmc] engine_0: ##   0:00:05  Checking assertions in step 12..
SBY 23:36:12 [fir_miter_prove] engine_0.basecase: ##   0:00:05  Checking assumptions in step 12..
SBY 23:36:12 [fir_miter_prove] engine_0.basecase: ##   0:00:05  Checking assertions in step 12..
SBY 23:36:13 [fir_miter_bmc] engine_0: ##   0:00:06  Checking assumptions in step 13..
SBY 23:36:13 [fir_miter_bmc] engine_0: ##   0:00:06  Checking assertions in step 13..
SBY 23:36:13 [fir_miter_prove] engine_0.basecase: ##   0:00:06  Checking assumptions in step 13..
SBY 23:36:13 [fir_miter_prove] engine_0.basecase: ##   0:00:06  Checking assertions in step 13..
SBY 23:36:14 [fir_miter_bmc] engine_0: ##   0:00:08  Checking assumptions in step 14..
SBY 23:36:14 [fir_miter_bmc] engine_0: ##   0:00:08  Checking assertions in step 14..
SBY 23:36:14 [fir_miter_prove] engine_0.basecase: ##   0:00:08  Checking assumptions in step 14..
SBY 23:36:14 [fir_miter_prove] engine_0.basecase: ##   0:00:08  Checking assertions in step 14..
SBY 23:36:16 [fir_miter_bmc] engine_0: ##   0:00:09  Checking assumptions in step 15..
SBY 23:36:16 [fir_miter_bmc] engine_0: ##   0:00:09  Checking assertions in step 15..
SBY 23:36:16 [fir_miter_prove] engine_0.basecase: ##   0:00:09  Checking assumptions in step 15..
SBY 23:36:16 [fir_miter_prove] engine_0.basecase: ##   0:00:09  Checking assertions in step 15..
SBY 23:36:17 [fir_miter_bmc] engine_0: ##   0:00:10  Checking assumptions in step 16..
SBY 23:36:17 [fir_miter_bmc] engine_0: ##   0:00:10  Checking assertions in step 16..
SBY 23:36:17 [fir_miter_prove] engine_0.basecase: ##   0:00:10  Checking assumptions in step 16..
SBY 23:36:17 [fir_miter_prove] engine_0.basecase: ##   0:00:10  Checking assertions in step 16..
SBY 23:36:18 [fir_miter_bmc] engine_0: ##   0:00:12  Checking assumptions in step 17..
SBY 23:36:18 [fir_miter_bmc] engine_0: ##   0:00:12  Checking assertions in step 17..
SBY 23:36:18 [fir_miter_prove] engine_0.basecase: ##   0:00:12  Checking assumptions in step 17..
SBY 23:36:18 [fir_miter_prove] engine_0.basecase: ##   0:00:12  Checking assertions in step 17..
SBY 23:36:19 [fir_miter_bmc] engine_0: ##   0:00:13  Checking assumptions in step 18..
SBY 23:36:19 [fir_miter_bmc] engine_0: ##   0:00:13  Checking assertions in step 18..
SBY 23:36:19 [fir_miter_prove] engine_0.basecase: ##   0:00:13  Checking assumptions in step 18..
SBY 23:36:20 [fir_miter_prove] engine_0.basecase: ##   0:00:13  Checking assertions in step 18..
SBY 23:36:21 [fir_miter_bmc] engine_0: ##   0:00:14  Checking assumptions in step 19..
SBY 23:36:21 [fir_miter_bmc] engine_0: ##   0:00:14  Checking assertions in step 19..
SBY 23:36:21 [fir_miter_prove] engine_0.basecase: ##   0:00:14  Checking assumptions in step 19..
SBY 23:36:21 [fir_miter_prove] engine_0.basecase: ##   0:00:14  Checking assertions in step 19..
SBY 23:36:22 [fir_miter_bmc] engine_0: ##   0:00:15  Checking assumptions in step 20..
SBY 23:36:22 [fir_miter_bmc] engine_0: ##   0:00:15  Checking assertions in step 20..
SBY 23:36:22 [fir_miter_prove] engine_0.basecase: ##   0:00:15  Checking assumptions in step 20..
SBY 23:36:22 [fir_miter_prove] engine_0.basecase: ##   0:00:15  Checking assertions in step 20..
SBY 23:36:23 [fir_miter_bmc] engine_0: ##   0:00:17  Checking assumptions in step 21..
SBY 23:36:23 [fir_miter_prove] engine_0.basecase: ##   0:00:17  Checking assumptions in step 21..
SBY 23:36:23 [fir_miter_bmc] engine_0: ##   0:00:17  Checking assertions in step 21..
SBY 23:36:23 [fir_miter_prove] engine_0.basecase: ##   0:00:17  Checking assertions in step 21..
SBY 23:36:24 [fir_miter_bmc] engine_0: ##   0:00:18  Checking assumptions in step 22..
SBY 23:36:24 [fir_miter_prove] engine_0.basecase: ##   0:00:18  Checking assumptions in step 22..
SBY 23:36:24 [fir_miter_bmc] engine_0: ##   0:00:18  Checking assertions in step 22..
SBY 23:36:24 [fir_miter_prove] engine_0.basecase: ##   0:00:18  Checking assertions in step 22..
SBY 23:36:26 [fir_miter_prove] engine_0.basecase: ##   0:00:19  Checking assumptions in step 23..
SBY 23:36:26 [fir_miter_bmc] engine_0: ##   0:00:19  Checking assumptions in step 23..
SBY 23:36:26 [fir_miter_prove] engine_0.basecase: ##   0:00:19  Checking assertions in step 23..
SBY 23:36:26 [fir_miter_bmc] engine_0: ##   0:00:19  Checking assertions in step 23..
SBY 23:36:27 [fir_miter_prove] engine_0.basecase: ##   0:00:20  Checking assumptions in step 24..
SBY 23:36:27 [fir_miter_bmc] engine_0: ##   0:00:20  Checking assumptions in step 24..
SBY 23:36:27 [fir_miter_prove] engine_0.basecase: ##   0:00:20  Checking assertions in step 24..
SBY 23:36:27 [fir_miter_bmc] engine_0: ##   0:00:20  Checking assertions in step 24..
SBY 23:36:28 [fir_miter_prove] engine_0.basecase: ##   0:00:21  Checking assumptions in step 25..
SBY 23:36:28 [fir_miter_bmc] engine_0: ##   0:00:21  Checking assumptions in step 25..
SBY 23:36:28 [fir_miter_prove] engine_0.basecase: ##   0:00:21  Checking assertions in step 25..
SBY 23:36:28 [fir_miter_bmc] engine_0: ##   0:00:21  Checking assertions in step 25..
SBY 23:36:29 [fir_miter_prove] engine_0.basecase: ##   0:00:23  Checking assumptions in step 26..
SBY 23:36:29 [fir_miter_bmc] engine_0: ##   0:00:23  Checking assumptions in step 26..
SBY 23:36:29 [fir_miter_prove] engine_0.basecase: ##   0:00:23  Checking assertions in step 26..
SBY 23:36:29 [fir_miter_bmc] engine_0: ##   0:00:23  Checking assertions in step 26..
SBY 23:36:30 [fir_miter_prove] engine_0.basecase: ##   0:00:24  Checking assumptions in step 27..
SBY 23:36:30 [fir_miter_bmc] engine_0: ##   0:00:24  Checking assumptions in step 27..
SBY 23:36:30 [fir_miter_prove] engine_0.basecase: ##   0:00:24  Checking assertions in step 27..
SBY 23:36:30 [fir_miter_bmc] engine_0: ##   0:00:24  Checking assertions in step 27..
SBY 23:36:32 [fir_miter_prove] engine_0.basecase: ##   0:00:25  Checking assumptions in step 28..
SBY 23:36:32 [fir_miter_bmc] engine_0: ##   0:00:25  Checking assumptions in step 28..
SBY 23:36:32 [fir_miter_prove] engine_0.basecase: ##   0:00:25  Checking assertions in step 28..
SBY 23:36:32 [fir_miter_bmc] engine_0: ##   0:00:25  Checking assertions in step 28..
SBY 23:36:33 [fir_miter_prove] engine_0.basecase: ##   0:00:26  Checking assumptions in step 29..
SBY 23:36:33 [fir_miter_bmc] engine_0: ##   0:00:26  Checking assumptions in step 29..
SBY 23:36:33 [fir_miter_prove] engine_0.basecase: ##   0:00:26  Checking assertions in step 29..
SBY 23:36:33 [fir_miter_bmc] engine_0: ##   0:00:26  Checking assertions in step 29..
SBY 23:36:34 [fir_miter_prove] engine_0.basecase: ##   0:00:28  Checking assumptions in step 30..
SBY 23:36:34 [fir_miter_bmc] engine_0: ##   0:00:28  Checking assumptions in step 30..
SBY 23:36:34 [fir_miter_prove] engine_0.basecase: ##   0:00:28  Checking assertions in step 30..
SBY 23:36:34 [fir_miter_bmc] engine_0: ##   0:00:28  Checking assertions in step 30..
SBY 23:36:35 [fir_miter_bmc] engine_0: ##   0:00:29  Checking assumptions in step 31..
SBY 23:36:35 [fir_miter_prove] engine_0.basecase: ##   0:00:29  Checking assumptions in step 31..
SBY 23:36:35 [fir_miter_bmc] engine_0: ##   0:00:29  Checking assertions in step 31..
SBY 23:36:35 [fir_miter_prove] engine_0.basecase: ##   0:00:29  Checking assertions in step 31..
SBY 23:36:37 [fir_miter_prove] engine_0.basecase: ##   0:00:30  Checking assumptions in step 32..
SBY 23:36:37 [fir_miter_bmc] engine_0: ##   0:00:30  Checking assumptions in step 32..
SBY 23:36:37 [fir_miter_prove] engine_0.basecase: ##   0:00:30  Checking assertions in step 32..
SBY 23:36:37 [fir_miter_bmc] engine_0: ##   0:00:30  Checking assertions in step 32..
SBY 23:36:38 [fir_miter_prove] engine_0.basecase: ##   0:00:32  Checking assumptions in step 33..
SBY 23:36:38 [fir_miter_bmc] engine_0: ##   0:00:32  Checking assumptions in step 33..
SBY 23:36:38 [fir_miter_prove] engine_0.basecase: ##   0:00:32  Checking assertions in step 33..
SBY 23:36:38 [fir_miter_bmc] engine_0: ##   0:00:32  Checking assertions in step 33..
SBY 23:36:40 [fir_miter_prove] engine_0.basecase: ##   0:00:33  Checking assumptions in step 34..
SBY 23:36:40 [fir_miter_bmc] engine_0: ##   0:00:33  Checking assumptions in step 34..
SBY 23:36:40 [fir_miter_prove] engine_0.basecase: ##   0:00:33  Checking assertions in step 34..
SBY 23:36:40 [fir_miter_bmc] engine_0: ##   0:00:33  Checking assertions in step 34..
SBY 23:36:41 [fir_miter_prove] engine_0.basecase: ##   0:00:34  Checking assumptions in step 35..
SBY 23:36:41 [fir_miter_bmc] engine_0: ##   0:00:34  Checking assumptions in step 35..
SBY 23:36:41 [fir_miter_prove] engine_0.basecase: ##   0:00:34  Checking assertions in step 35..
SBY 23:36:41 [fir_miter_bmc] engine_0: ##   0:00:34  Checking assertions in step 35..
SBY 23:36:42 [fir_miter_prove] engine_0.basecase: ##   0:00:36  Checking assumptions in step 36..
SBY 23:36:42 [fir_miter_bmc] engine_0: ##   0:00:36  Checking assumptions in step 36..
SBY 23:36:42 [fir_miter_prove] engine_0.basecase: ##   0:00:36  Checking assertions in step 36..
SBY 23:36:42 [fir_miter_bmc] engine_0: ##   0:00:36  Checking assertions in step 36..
SBY 23:36:43 [fir_miter_prove] engine_0.basecase: ##   0:00:37  Checking assumptions in step 37..
SBY 23:36:43 [fir_miter_bmc] engine_0: ##   0:00:37  Checking assumptions in step 37..
SBY 23:36:43 [fir_miter_prove] engine_0.basecase: ##   0:00:37  Checking assertions in step 37..
SBY 23:36:43 [fir_miter_bmc] engine_0: ##   0:00:37  Checking assertions in step 37..
SBY 23:36:45 [fir_miter_prove] engine_0.basecase: ##   0:00:38  Checking assumptions in step 38..
SBY 23:36:45 [fir_miter_prove] engine_0.basecase: ##   0:00:38  Checking assertions in step 38..
SBY 23:36:45 [fir_miter_bmc] engine_0: ##   0:00:38  Checking assumptions in step 38..
SBY 23:36:45 [fir_miter_bmc] engine_0: ##   0:00:38  Checking assertions in step 38..
SBY 23:36:46 [fir_miter_prove] engine_0.basecase: ##   0:00:40  Checking assumptions in step 39..
SBY 23:36:46 [fir_miter_prove] engine_0.basecase: ##   0:00:40  Checking assertions in step 39..
SBY 23:36:46 [fir_miter_bmc] engine_0: ##   0:00:40  Checking assumptions in step 39..
SBY 23:36:46 [fir_miter_bmc] engine_0: ##   0:00:40  Checking assertions in step 39..
SBY 23:36:47 [fir_miter_prove] engine_0.basecase: ##   0:00:41  Status: passed
SBY 23:36:47 [fir_miter_prove] engine_0.basecase: finished (returncode=0)
SBY 23:36:47 [fir_miter_prove] engine_0.basecase: Status returned by engine for basecase: pass
SBY 23:36:47 [fir_miter_prove] summary: Elapsed clock time [H:MM:SS (secs)]: 0:00:41 (41)
SBY 23:36:47 [fir_miter_prove] summary: Elapsed process time [H:MM:SS (secs)]: 0:00:46 (46)
SBY 23:36:47 [fir_miter_prove] summary: engine_0 (smtbmc yices) returned pass for basecase
SBY 23:36:47 [fir_miter_prove] summary: engine_0 (smtbmc yices) returned FAIL for induction
SBY 23:36:47 [fir_miter_prove] summary: counterexample trace [induction]: fir_miter_prove/engine_0/trace_induct.vcd
SBY 23:36:47 [fir_miter_prove] summary:   failed assertion fir_miter._witness_.check_assert_fir_miter_v_25_11 at fir_miter.v:25.24-25.53
SBY 23:36:47 [fir_miter_prove] DONE (UNKNOWN, rc=4)
SBY 23:36:47 [fir_miter_bmc] engine_0: ##   0:00:41  Status: passed
SBY 23:36:47 [fir_miter_bmc] engine_0: finished (returncode=0)
SBY 23:36:47 [fir_miter_bmc] engine_0: Status returned by engine: pass
SBY 23:36:47 [fir_miter_bmc] summary: Elapsed clock time [H:MM:SS (secs)]: 0:00:41 (41)
SBY 23:36:47 [fir_miter_bmc] summary: Elapsed process time [H:MM:SS (secs)]: 0:01:27 (87)
SBY 23:36:47 [fir_miter_bmc] summary: engine_0 (smtbmc yices) returned pass
SBY 23:36:47 [fir_miter_bmc] summary: engine_0 did not produce any traces
SBY 23:36:47 [fir_miter_bmc] DONE (PASS, rc=0)
SBY 23:36:47 The following tasks failed: ['prove']
