
 /----------------------------------------------------------------------------\
 |  yosys -- Yosys Open SYnthesis Suite                                       |
 |  Copyright (C) 2012 - 2026  Claire Xenia Wolf <claire@yosyshq.com>         |
 |  Distributed under an ISC-like license, type "license" to see terms        |
 \----------------------------------------------------------------------------/
 Yosys 0.69+10 (git sha1 370a53acf-dirty, Release, Clang /usr/bin/clang++ 21.1.8)

-- Executing script file `run.ys' --

1. Executing Verilog-2005 frontend: ../../../partitions/fir_filter.imm.sv
Parsing SystemVerilog input from `../../../partitions/fir_filter.imm.sv' to AST representation.
Generating RTLIL representation for module `\miter'.
Generating RTLIL representation for module `\miter_cmp_prop'.
Generating RTLIL representation for module `\miter_def_prop'.
Generating RTLIL representation for module `\gold.fir_filter.imm'.
Generating RTLIL representation for module `\gate.fir_filter.imm'.
Successfully finished Verilog frontend.

2. Executing RTLIL frontend.
Input filename: ../../../partitions/fir_filter.imm.il
Replacing existing blackbox module \gold.fir_filter.imm.
Replacing existing blackbox module \gate.fir_filter.imm.

3. Executing HIERARCHY pass (managing design hierarchy).

3.1. Analyzing design hierarchy..
Top module:  \miter
Used module:     \miter_cmp_prop
Used module:     \gate.fir_filter.imm
Used module:     \gold.fir_filter.imm
Parameter 1 (\WIDTH) = 16
Parameter 2 (\TYPE) = 48'011000010111001101110011011001010111001001110100

3.2. Executing AST frontend in derive mode using pre-parsed AST for module `\miter_cmp_prop'.
Parameter 1 (\WIDTH) = 16
Parameter 2 (\TYPE) = 48'011000010111001101110011011001010111001001110100
Generating RTLIL representation for module `$paramod$239044493e4a77e7231a63897e283e7e15943c68\miter_cmp_prop'.

3.3. Analyzing design hierarchy..
Top module:  \miter
Used module:     $paramod$239044493e4a77e7231a63897e283e7e15943c68\miter_cmp_prop
Used module:     \gate.fir_filter.imm
Used module:     \gold.fir_filter.imm

3.4. Analyzing design hierarchy..
Top module:  \miter
Used module:     $paramod$239044493e4a77e7231a63897e283e7e15943c68\miter_cmp_prop
Used module:     \gate.fir_filter.imm
Used module:     \gold.fir_filter.imm
Removing unused module `\miter_def_prop'.
Removing unused module `\miter_cmp_prop'.
Removed 2 unused modules.
Module $paramod$239044493e4a77e7231a63897e283e7e15943c68\miter_cmp_prop directly or indirectly contains formal properties -> setting "keep" attribute.
Module miter directly or indirectly contains formal properties -> setting "keep" attribute.
Mapping positional arguments of cell miter.__po_imm__assert ($paramod$239044493e4a77e7231a63897e283e7e15943c68\miter_cmp_prop).

4. Executing PROC pass (convert processes to netlists).

4.1. Executing PROC_CLEAN pass (remove empty switches from decision trees).
Cleaned up 0 empty switches.

4.2. Executing PROC_RMDEAD pass (remove dead branches from decision trees).
Removed a total of 0 dead cases.

4.3. Executing PROC_PRUNE pass (remove redundant assignments in processes).
Removed 1 redundant assignment.
Promoted 3 assignments to connections.

4.4. Executing PROC_INIT pass (extract init attributes).

4.5. Executing PROC_ARST pass (detect async resets in processes).

4.6. Executing PROC_ROM pass (convert switches to ROMs).
Converted 0 switches.

4.7. Executing PROC_MUX pass (convert decision trees to multiplexers).
Creating decoders for process `$paramod$239044493e4a77e7231a63897e283e7e15943c68\miter_cmp_prop.$proc$../../../partitions/fir_filter.imm.sv:122$728'.
Creating decoders for process `$paramod$239044493e4a77e7231a63897e283e7e15943c68\miter_cmp_prop.$proc$../../../partitions/fir_filter.imm.sv:116$663'.

4.8. Executing PROC_DLATCH pass (convert process syncs to latches).
No latch inferred for signal `$paramod$239044493e4a77e7231a63897e283e7e15943c68\miter_cmp_prop.\i' from process `$paramod$239044493e4a77e7231a63897e283e7e15943c68\miter_cmp_prop.$proc$../../../partitions/fir_filter.imm.sv:116$663'.
No latch inferred for signal `$paramod$239044493e4a77e7231a63897e283e7e15943c68\miter_cmp_prop.\okay' from process `$paramod$239044493e4a77e7231a63897e283e7e15943c68\miter_cmp_prop.$proc$../../../partitions/fir_filter.imm.sv:116$663'.

4.9. Executing PROC_DFF pass (convert process syncs to FFs).

4.10. Executing PROC_MEMWR pass (convert process memory writes to cells).

4.11. Executing PROC_CLEAN pass (remove empty switches from decision trees).
Removing empty process `$paramod$239044493e4a77e7231a63897e283e7e15943c68\miter_cmp_prop.$proc$../../../partitions/fir_filter.imm.sv:122$728'.
Removing empty process `$paramod$239044493e4a77e7231a63897e283e7e15943c68\miter_cmp_prop.$proc$../../../partitions/fir_filter.imm.sv:116$663'.
Cleaned up 0 empty switches.

4.12. Executing OPT_EXPR pass (perform const folding).
Optimizing module gold.fir_filter.imm.
Optimizing module $paramod$239044493e4a77e7231a63897e283e7e15943c68\miter_cmp_prop.
<suppressed ~1 debug messages>
Optimizing module gate.fir_filter.imm.
Optimizing module miter.

5. Executing ASYNC2SYNC pass.

6. Executing FORMALFF pass.

7. Executing SETUNDEF pass (replace undef values with defined constants).

8. Executing FLATTEN pass (flatten design).
Deleting now unused module gold.fir_filter.imm.
Deleting now unused module $paramod$239044493e4a77e7231a63897e283e7e15943c68\miter_cmp_prop.
Deleting now unused module gate.fir_filter.imm.
<suppressed ~3 debug messages>

9. Executing DFFUNMAP pass (unmap clock enable and synchronous reset from FFs).

10. Executing OPT_EXPR pass (perform const folding).
Optimizing module miter.
<suppressed ~1 debug messages>

11. Executing OPT_CLEAN pass (remove unused cells and wires).
Finding unused cells or wires in module \miter..
Removed 1 unused cells and 7 unused wires.
<suppressed ~18 debug messages>

12. Executing SAT pass (solving SAT problems in the circuit).
Using SAT solver `minisat`.

Setting up time step 1:
Final constraint equation: { } = { }
Import def constraint for this timestep: \__pi_Q[0]
Import def constraint for this timestep: \__pi_Q[1]
Import def constraint for this timestep: \__pi_Q[2]
Import def constraint for this timestep: \__pi_Q[3]
Import def constraint for this timestep: \__pi_Q[4]
Import def constraint for this timestep: \__pi_Q[5]
Import def constraint for this timestep: \__pi_Q[6]
Import def constraint for this timestep: \__pi_Q[7]
Import def constraint for this timestep: \__pi_c[0]
Import def constraint for this timestep: \__pi_c[1]
Import def constraint for this timestep: \__pi_c[2]
Import def constraint for this timestep: \__pi_c[3]
Import def constraint for this timestep: \__pi_c[4]
Import def constraint for this timestep: \__pi_c[5]
Import def constraint for this timestep: \__pi_c[6]
Import def constraint for this timestep: \__pi_c[7]
Import def constraint for this timestep: \__pi_sample_out
Imported 83 cells to SAT database.
Import proof for assert: \__po_imm__assert.okay when 1'1.

** Trying induction with length 1 **

Setting up time step 1:
Final constraint equation: { } = { }
Import def constraint for this timestep: \__pi_Q[0]
Import def constraint for this timestep: \__pi_Q[1]
Import def constraint for this timestep: \__pi_Q[2]
Import def constraint for this timestep: \__pi_Q[3]
Import def constraint for this timestep: \__pi_Q[4]
Import def constraint for this timestep: \__pi_Q[5]
Import def constraint for this timestep: \__pi_Q[6]
Import def constraint for this timestep: \__pi_Q[7]
Import def constraint for this timestep: \__pi_c[0]
Import def constraint for this timestep: \__pi_c[1]
Import def constraint for this timestep: \__pi_c[2]
Import def constraint for this timestep: \__pi_c[3]
Import def constraint for this timestep: \__pi_c[4]
Import def constraint for this timestep: \__pi_c[5]
Import def constraint for this timestep: \__pi_c[6]
Import def constraint for this timestep: \__pi_c[7]
Import def constraint for this timestep: \__pi_sample_out
Imported 83 cells to SAT database.
No constraints for initial state found.

Import proof for assert: \__po_imm__assert.okay when 1'1.
Import show expression: \__po_imm__assert.i
Import show expression: \__po_imm__assert.okay
Import show expression: \__po_imm__assert.in_gate
Import show expression: \__po_imm__assert.in_gold
Import show expression: \gate.sample_out
Import show expression: \gate.imm
Import show expression: \gate.Q[7]
Import show expression: \gate.c[7]
Import show expression: \gate.Q[6]
Import show expression: \gate.c[6]
Import show expression: \gate.Q[5]
Import show expression: \gate.c[5]
Import show expression: \gate.Q[4]
Import show expression: \gate.c[4]
Import show expression: \gate.Q[3]
Import show expression: \gate.c[3]
Import show expression: \gate.Q[2]
Import show expression: \gate.c[2]
Import show expression: \gate.Q[1]
Import show expression: \gate.c[1]
Import show expression: \gate.Q[0]
Import show expression: \gate.c[0]
Import show expression: \gate.__pi_Q[0]
Import show expression: \gate.__pi_Q[1]
Import show expression: \gate.__pi_Q[2]
Import show expression: \gate.__pi_Q[3]
Import show expression: \gate.__pi_Q[4]
Import show expression: \gate.__pi_Q[5]
Import show expression: \gate.__pi_Q[6]
Import show expression: \gate.__pi_Q[7]
Import show expression: \gate.__pi_c[0]
Import show expression: \gate.__pi_c[1]
Import show expression: \gate.__pi_c[2]
Import show expression: \gate.__pi_c[3]
Import show expression: \gate.__pi_c[4]
Import show expression: \gate.__pi_c[5]
Import show expression: \gate.__pi_c[6]
Import show expression: \gate.__pi_c[7]
Import show expression: \gate.__pi_sample_out
Import show expression: \gate.__po_imm
Import show expression: \gold.sample_out
Import show expression: \gold.imm
Import show expression: \gold.Q[7]
Import show expression: \gold.c[7]
Import show expression: \gold.Q[6]
Import show expression: \gold.c[6]
Import show expression: \gold.Q[5]
Import show expression: \gold.c[5]
Import show expression: \gold.Q[4]
Import show expression: \gold.c[4]
Import show expression: \gold.Q[3]
Import show expression: \gold.c[3]
Import show expression: \gold.Q[2]
Import show expression: \gold.c[2]
Import show expression: \gold.Q[1]
Import show expression: \gold.c[1]
Import show expression: \gold.Q[0]
Import show expression: \gold.c[0]
Import show expression: \gold.__pi_Q[0]
Import show expression: \gold.__pi_Q[1]
Import show expression: \gold.__pi_Q[2]
Import show expression: \gold.__pi_Q[3]
Import show expression: \gold.__pi_Q[4]
Import show expression: \gold.__pi_Q[5]
Import show expression: \gold.__pi_Q[6]
Import show expression: \gold.__pi_Q[7]
Import show expression: \gold.__pi_c[0]
Import show expression: \gold.__pi_c[1]
Import show expression: \gold.__pi_c[2]
Import show expression: \gold.__pi_c[3]
Import show expression: \gold.__pi_c[4]
Import show expression: \gold.__pi_c[5]
Import show expression: \gold.__pi_c[6]
Import show expression: \gold.__pi_c[7]
Import show expression: \gold.__pi_sample_out
Import show expression: \gold.__po_imm
Import show expression: \__po_imm__gate
Import show expression: \__po_imm__gold
Import show expression: \__pi_sample_out
Import show expression: \__pi_c[7]
Import show expression: \__pi_c[6]
Import show expression: \__pi_c[5]
Import show expression: \__pi_c[4]
Import show expression: \__pi_c[3]
Import show expression: \__pi_c[2]
Import show expression: \__pi_c[1]
Import show expression: \__pi_c[0]
Import show expression: \__pi_Q[7]
Import show expression: \__pi_Q[6]
Import show expression: \__pi_Q[5]
Import show expression: \__pi_Q[4]
Import show expression: \__pi_Q[3]
Import show expression: \__pi_Q[2]
Import show expression: \__pi_Q[1]
Import show expression: \__pi_Q[0]

[base case 1] Solving problem with 26387 variables and 76092 clauses..
SAT temporal induction proof finished - model found for base case: FAIL!

   ______                   ___       ___       _ _            _ _ 
  (_____ \                 / __)     / __)     (_) |          | | |
   _____) )___ ___   ___ _| |__    _| |__ _____ _| | _____  __| | |
  |  ____/ ___) _ \ / _ (_   __)  (_   __|____ | | || ___ |/ _  |_|
  | |   | |  | |_| | |_| || |       | |  / ___ | | || ____( (_| |_ 
  |_|   |_|   \___/ \___/ |_|       |_|  \_____|_|\_)_____)\____|_|


  Time Signal Name                            Dec       Hex                                          Bin
  ---- ------------------------------ ----------- --------- --------------------------------------------
     1 \__pi_Q[0]                               0         0                             0000000000000000
     1 \__pi_Q[1]                               0         0                             0000000000000000
     1 \__pi_Q[2]                               0         0                             0000000000000000
     1 \__pi_Q[3]                               0         0                             0000000000000000
     1 \__pi_Q[4]                               0         0                             0000000000000000
     1 \__pi_Q[5]                               0         0                             0000000000000000
     1 \__pi_Q[6]                               0         0                             0000000000000000
     1 \__pi_Q[7]                               0         0                             0000000000000000
     1 \__pi_c[0]                               0         0                             0000000000000000
     1 \__pi_c[1]                               0         0                             0000000000000000
     1 \__pi_c[2]                               0         0                             0000000000000000
     1 \__pi_c[3]                               0         0                             0000000000000000
     1 \__pi_c[4]                               0         0                             0000000000000000
     1 \__pi_c[5]                               0         0                             0000000000000000
     1 \__pi_c[6]                               0         0                             0000000000000000
     1 \__pi_c[7]                               0         0                             0000000000000000
     1 \__pi_sample_out                     65535      ffff                             1111111111111111
     1 \__po_imm__assert.i                     16        10             00000000000000000000000000010000
     1 \__po_imm__assert.in_gate            65535      ffff                             1111111111111111
     1 \__po_imm__assert.in_gold                0         0                             0000000000000000
     1 \__po_imm__assert.okay                   0         0                                            0
     1 \__po_imm__gate                      65535      ffff                             1111111111111111
     1 \__po_imm__gold                          0         0                             0000000000000000
     1 \gate.Q[0]                               0         0                             0000000000000000
     1 \gate.Q[1]                               0         0                             0000000000000000
     1 \gate.Q[2]                               0         0                             0000000000000000
     1 \gate.Q[3]                               0         0                             0000000000000000
     1 \gate.Q[4]                               0         0                             0000000000000000
     1 \gate.Q[5]                               0         0                             0000000000000000
     1 \gate.Q[6]                               0         0                             0000000000000000
     1 \gate.Q[7]                               0         0                             0000000000000000
     1 \gate.__pi_Q[0]                          0         0                             0000000000000000
     1 \gate.__pi_Q[1]                          0         0                             0000000000000000
     1 \gate.__pi_Q[2]                          0         0                             0000000000000000
     1 \gate.__pi_Q[3]                          0         0                             0000000000000000
     1 \gate.__pi_Q[4]                          0         0                             0000000000000000
     1 \gate.__pi_Q[5]                          0         0                             0000000000000000
     1 \gate.__pi_Q[6]                          0         0                             0000000000000000
     1 \gate.__pi_Q[7]                          0         0                             0000000000000000
     1 \gate.__pi_c[0]                          0         0                             0000000000000000
     1 \gate.__pi_c[1]                          0         0                             0000000000000000
     1 \gate.__pi_c[2]                          0         0                             0000000000000000
     1 \gate.__pi_c[3]                          0         0                             0000000000000000
     1 \gate.__pi_c[4]                          0         0                             0000000000000000
     1 \gate.__pi_c[5]                          0         0                             0000000000000000
     1 \gate.__pi_c[6]                          0         0                             0000000000000000
     1 \gate.__pi_c[7]                          0         0                             0000000000000000
     1 \gate.__pi_sample_out                65535      ffff                             1111111111111111
     1 \gate.__po_imm                       65535      ffff                             1111111111111111
     1 \gate.c[0]                               0         0                             0000000000000000
     1 \gate.c[1]                               0         0                             0000000000000000
     1 \gate.c[2]                               0         0                             0000000000000000
     1 \gate.c[3]                               0         0                             0000000000000000
     1 \gate.c[4]                               0         0                             0000000000000000
     1 \gate.c[5]                               0         0                             0000000000000000
     1 \gate.c[6]                               0         0                             0000000000000000
     1 \gate.c[7]                               0         0                             0000000000000000
     1 \gate.imm                               --        --    00000000000000000000000001111111111111111
     1 \gate.sample_out                     65535      ffff                             1111111111111111
     1 \gold.Q[0]                               0         0                             0000000000000000
     1 \gold.Q[1]                               0         0                             0000000000000000
     1 \gold.Q[2]                               0         0                             0000000000000000
     1 \gold.Q[3]                               0         0                             0000000000000000
     1 \gold.Q[4]                               0         0                             0000000000000000
     1 \gold.Q[5]                               0         0                             0000000000000000
     1 \gold.Q[6]                               0         0                             0000000000000000
     1 \gold.Q[7]                               0         0                             0000000000000000
     1 \gold.__pi_Q[0]                          0         0                             0000000000000000
     1 \gold.__pi_Q[1]                          0         0                             0000000000000000
     1 \gold.__pi_Q[2]                          0         0                             0000000000000000
     1 \gold.__pi_Q[3]                          0         0                             0000000000000000
     1 \gold.__pi_Q[4]                          0         0                             0000000000000000
     1 \gold.__pi_Q[5]                          0         0                             0000000000000000
     1 \gold.__pi_Q[6]                          0         0                             0000000000000000
     1 \gold.__pi_Q[7]                          0         0                             0000000000000000
     1 \gold.__pi_c[0]                          0         0                             0000000000000000
     1 \gold.__pi_c[1]                          0         0                             0000000000000000
     1 \gold.__pi_c[2]                          0         0                             0000000000000000
     1 \gold.__pi_c[3]                          0         0                             0000000000000000
     1 \gold.__pi_c[4]                          0         0                             0000000000000000
     1 \gold.__pi_c[5]                          0         0                             0000000000000000
     1 \gold.__pi_c[6]                          0         0                             0000000000000000
     1 \gold.__pi_c[7]                          0         0                             0000000000000000
     1 \gold.__pi_sample_out                65535      ffff                             1111111111111111
     1 \gold.__po_imm                           0         0                             0000000000000000
     1 \gold.c[0]                               0         0                             0000000000000000
     1 \gold.c[1]                               0         0                             0000000000000000
     1 \gold.c[2]                               0         0                             0000000000000000
     1 \gold.c[3]                               0         0                             0000000000000000
     1 \gold.c[4]                               0         0                             0000000000000000
     1 \gold.c[5]                               0         0                             0000000000000000
     1 \gold.c[6]                               0         0                             0000000000000000
     1 \gold.c[7]                               0         0                             0000000000000000
     1 \gold.imm                                0         0                             0000000000000000
     1 \gold.sample_out                     65535      ffff                             1111111111111111
Dumping SAT model to VCD file trace.vcd

End of script. Logfile hash: 6891c961ce, time: 0.35s, user: 0.32s, system: 0.04s, MEM: 49.50 MB peak
Yosys 0.69+10 (git sha1 370a53acf-dirty, Release, Clang /usr/bin/clang++ 21.1.8)
Time spent: 93% 1x sat (0 sec), 1% 1x hierarchy (0 sec), ...
